<ol>
<li><a href="/post/post-1">Post 1</a></li><li><a href="/post/post-2">Post 2</a></li>
</ol>
