
<!DOCTYPE html>
<html lang="en">
<head>
    <title>Same blog same html</title>
    <meta charset="UTF-8"/>
    <meta name="description" content="Please don't unsubscribe" lang="en"/>
</head>
<body>
<nav role="navigation">
    <div>
        <h1>Go Gopher</h1>
        <ul>
            <li><a href="/">home</a></li>
            <li><a href="about">about</a></li>
            <li><a href="archive">archive</a></li>
        </ul>
    </div>
</nav>
<main>

<h1>How much is too much?</h1>

<p>Water consumption optimization</p>

Tags: <ul><li>shower-thoughts</li><li>health</li></ul>

<p>What is the best way to tell if you should drink?
Drinking too much reduces productivity, but a lack of water reduces thinking ability.
A good start would be to drink when you feel <em>thirsty</em>.</p>


</main>
<footer>
    <ul>
        <li><a href="https://www.linkedin.com/in/thomasonzhou/">Linkedin</a></li>
        <li><a href="https://github.com/thomasonzhou/">GitHub</a></li>
    </ul>
</footer>
</body>
</html>

